#------------------------------------------------------------------------------#
#       map IBM ILOG CPLEX function names to cplexAPI function names           #
#------------------------------------------------------------------------------#

# IBM ILOG CPLEX                # cplexAPI

CPXaddchannel                <- addChannelCPLEX
CPXaddcols                   <- addColsCPLEX
CPXaddfpdest                 <- addFpDestCPLEX
CPXaddmipstarts              <- addMIPstartsCPLEX
CPXaddrows                   <- addRowsCPLEX
CPXbaropt                    <- baroptCPLEX
CPXmbasewrite                <- baseWriteCPLEX
CPXbasicpresolve             <- basicPresolveCPLEX
CPXboundsa                   <- boundSaCPLEX
CPXclpwrite                  <- cLpWriteCPLEX
CPXcheckaddcols              <- checkAddColsCPLEX
CPXcheckaddrows              <- checkAddRowsCPLEX
CPXcheckchgcoeflist          <- checkChgCoefListCPLEX
CPXcheckcopyctype            <- checkCopyColTypeCPLEX
CPXcheckcopylp               <- checkCopyLpCPLEX
CPXcheckcopylpwnames         <- checkCopyLpwNamesCPLEX
CPXcheckcopyquad             <- checkCopyQuadCPLEX
CPXcheckvals                 <- checkValsCPLEX
CPXchgbds                    <- chgBndsCPLEX
CPXchgcoef                   <- chgCoefCPLEX
CPXchgcoeflist               <- chgCoefListCPLEX
CPXchgcolname                <- chgColNameCPLEX
CPXchgctype                  <- chgColTypeCPLEX
CPXchgmipstarts              <- chgMIPstartsCPLEX
CPXchgname                   <- chgNameCPLEX
CPXchgobj                    <- chgObjCPLEX
CPXchgprobname               <- chgProbNameCPLEX
CPXchgprobtype               <- chgProbTypeCPLEX
CPXchgqpcoef                 <- chgQPcoefCPLEX
CPXchgrhs                    <- chgRhsCPLEX
CPXchgrngval                 <- chgRngValCPLEX
CPXchgrowname                <- chgRowNameCPLEX
CPXchgsense                  <- chgSenseCPLEX
CPXcleanup                   <- cleanupCoefCPLEX
CPXcloneprob                 <- cloneProbCPLEX
CPXcloseCPLEX                <- closeEnvCPLEX
CPXfclose                    <- closeFileCPLEX
CPXcompletelp                <- completelpCPLEX
CPXcopybase                  <- copyBaseCPLEX
CPXcopyctype                 <- copyColTypeCPLEX
CPXcopylp                    <- copyLpCPLEX
CPXcopylpwnames              <- copyLpwNamesCPLEX
CPXcopyobjname               <- copyObjNameCPLEX
CPXcopypartialbase           <- copyPartBaseCPLEX
CPXcopyquad                  <- copyQuadCPLEX
CPXcopystart                 <- copyStartCPLEX
CPXdelchannel                <- delChannelCPLEX
CPXdelcols                   <- delColsCPLEX
CPXdelfpdest                 <- delFpDestCPLEX
CPXdelmipstarts              <- delMIPstartsCPLEX
CPXdelnames                  <- delNamesCPLEX
CPXfreeprob                  <- delProbCPLEX
CPXdelrows                   <- delRowsCPLEX
CPXdelsetcols                <- delSetColsCPLEX
CPXdelsetrows                <- delSetRowsCPLEX
CPXsetterminate              <- delTerminateCPLEX
CPXdisconnectchannel         <- disconnectChannelCPLEX
CPXdualwrite                 <- dualWriteCPLEX
CPXdualopt                   <- dualoptCPLEX
CPXfeasopt                   <- feasOptCPLEX
CPXfputs                     <- fileputCPLEX
CPXflushchannel              <- flushChannelCPLEX
CPXflushstdchannels          <- flushStdChannelsCPLEX
CPXfreepresolve              <- freePresolveCPLEX
CPXgetbase                   <- getBaseCPLEX
CPXgetchannels               <- getChannelsCPLEX
CPXgetchgparam               <- getChgParmCPLEX
CPXgetcoef                   <- getCoefCPLEX
CPXgetcolindex               <- getColIndexCPLEX
CPXgetcolinfeas              <- getColInfeasCPLEX
CPXgetcolname                <- getColNameCPLEX
CPXgetctype                  <- getColTypeCPLEX
CPXgetcols                   <- getColsCPLEX
CPXgetconflict               <- getConflictCPLEX
CPXgetconflictext            <- getConflictExtCPLEX
CPXgetcutoff                 <- getCutoffCPLEX
CPXgetdblparam               <- getDblParmCPLEX
CPXgetdblquality             <- getDblQualCPLEX
CPXgetdsbcnt                 <- getDbsCntCPLEX
CPXgetdj                     <- getDjCPLEX
CPXgeterrorstring            <- getErrorStrCPLEX
CPXgetgrad                   <- getGradCPLEX
CPXinfodblparam              <- getInfoDblParmCPLEX
CPXinfointparam              <- getInfoIntParmCPLEX
CPXinfolongparam             <- getInfoLongParmCPLEX
CPXinfostrparam              <- getInfoStrParmCPLEX
CPXgetintparam               <- getIntParmCPLEX
CPXgetintquality             <- getIntQualCPLEX
CPXgetitcnt                  <- getItCntCPLEX
CPXgetlogfile                <- getLogFileCPLEX
CPXgetlongparam              <- getLongParmCPLEX
CPXgetlb                     <- getLowerBndsCPLEX
CPXgetmipstartindex          <- getMIPstartIndexCPLEX
CPXgetmipstartname           <- getMIPstartNameCPLEX
CPXgetmipstarts              <- getMIPstartsCPLEX
CPXgetmethod                 <- getMethodCPLEX
CPXgetnumcols                <- getNumColsCPLEX
CPXgetnummipstarts           <- getNumMIPstartsCPLEX
CPXgetnumnz                  <- getNumNnzCPLEX
CPXgetnumqpnz                <- getNumQPnzCPLEX
CPXgetnumquad                <- getNumQuadCPLEX
CPXgetnumrows                <- getNumRowsCPLEX
CPXgetobj                    <- getObjCPLEX
CPXgetobjsen                 <- getObjDirCPLEX
CPXgetobjname                <- getObjNameCPLEX
CPXgetobjoffset              <- getObjOffsetCPLEX
CPXgetobjval                 <- getObjValCPLEX
CPXgetparamname              <- getParmNameCPLEX
CPXgetparamnum               <- getParmNumCPLEX
CPXgetparamtype              <- getParmTypeCPLEX
CPXgetphase1cnt              <- getPhase1CntCPLEX
CPXgetpi                     <- getPiCPLEX
CPXgetprestat                <- getPreStatCPLEX
CPXgetprobname               <- getProbNameCPLEX
CPXgetprobtype               <- getProbTypeCPLEX
CPXgetx                      <- getProbVarCPLEX
CPXgetqpcoef                 <- getQPcoefCPLEX
CPXgetquad                   <- getQuadCPLEX
CPXgetredlp                  <- getRedLpCPLEX
CPXgetrhs                    <- getRhsCPLEX
CPXgetrngval                 <- getRngValCPLEX
CPXgetrowindex               <- getRowIndexCPLEX
CPXgetrowinfeas              <- getRowInfeasCPLEX
CPXgetrowname                <- getRowNameCPLEX
CPXgetrows                   <- getRowsCPLEX
CPXgetsense                  <- getSenseCPLEX
CPXgetsiftitcnt              <- getSiftItCntCPLEX
CPXgetsiftphase1cnt          <- getSiftPase1CntCPLEX
CPXgetslack                  <- getSlackCPLEX
CPXgetstat                   <- getStatCPLEX
CPXgetstatstring             <- getStatStrCPLEX
CPXgetstrparam               <- getStrParmCPLEX
CPXgetsubmethod              <- getSubMethodCPLEX
CPXgetsubstat                <- getSubStatCPLEX
CPXgettime                   <- getTimeCPLEX
CPXgetub                     <- getUpperBndsCPLEX
CPXversion                   <- getVersionCPLEX
CPXhybbaropt                 <- hybbaroptCPLEX
CPXhybnetopt                 <- hybnetoptCPLEX
CPXcreateprob                <- initProbCPLEX
CPXlpopt                     <- lpoptCPLEX
CPXmipopt                    <- mipoptCPLEX
CPXnewcols                   <- newColsCPLEX
CPXnewrows                   <- newRowsCPLEX
CPXobjsa                     <- objSaCPLEX
CPXopenCPLEX                 <- openEnvCPLEX
CPXfopen                     <- openFileCPLEX
CPXpreslvwrite               <- preslvWriteCPLEX
CPXpresolve                  <- presolveCPLEX
CPXprimopt                   <- primoptCPLEX
CPXqpopt                     <- qpoptCPLEX
CPXreadcopybase              <- readCopyBaseCPLEX
CPXreadcopymipstarts         <- readCopyMIPstartsCPLEX
CPXreadcopyparam             <- readCopyParmCPLEX
CPXreadcopyprob              <- readCopyProbCPLEX
CPXreadcopysol               <- readCopySolCPLEX
CPXrefineconflict            <- refineConflictCPLEX
CPXrefineconflictext         <- refineConflictExtCPLEX
CPXrefinemipstartconflict    <- refineMIPstartConflictCPLEX
CPXrefinemipstartconflictext <- refineMIPstartConflictExtCPLEX
CPXrhssa                     <- rhsSaCPLEX
CPXsetdblparam               <- setDblParmCPLEX
CPXsetdefaults               <- setDefaultParmCPLEX
CPXsetintparam               <- setIntParmCPLEX
CPXsetlogfile                <- setLogFileCPLEX
CPXsetlongparam              <- setLongParmCPLEX
CPXchgobjsen                 <- setObjDirCPLEX
CPXsetstrparam               <- setStrParmCPLEX
CPXsiftopt                   <- siftoptCPLEX
CPXsolwrite                  <- solWriteCPLEX
CPXsolninfo                  <- solnInfoCPLEX
CPXsolution                  <- solutionCPLEX
CPXtightenbds                <- tightenBndsCPLEX
CPXtuneparam                 <- tuneParmCPLEX
CPXunscaleprob               <- unscaleProbCPLEX
CPXwritemipstarts            <- writeMIPstartsCPLEX
CPXwriteparam                <- writeParmCPLEX
CPXwriteprob                 <- writeProbCPLEX
